PS C:\Users\user> cd C:\Users\user\Desktop\git_challenge     
PS C:\Users\user\Desktop\git_challenge> git config --global user.name "otsukieri11889"
PS C:\Users\user\Desktop\git_challenge> git config --global user.email "otsukieri0610102@gmail.com"
PS C:\Users\user\Desktop\git_challenge> git init
Initialized empty Git repository in C:/Users/user/Desktop/git_challenge/.git/
PS C:\Users\user\Desktop\git_challenge> git add hello_world.txt
fatal: pathspec 'hello_world.txt' did not match any files
PS C:\Users\user\Desktop\git_challenge> git add C:\Users\user\Desktop\git_challenge
PS C:\Users\user\Desktop\git_challenge> git commit -m "hello_world.txtを追加”        
[main (root-commit) 87990cf] hello_world.txtを追加
 1 file changed, 0 insertions(+), 0 deletions(-)
 create mode 100644 hello_world.txt.txt
PS C:\Users\user\Desktop\git_challenge>  git add C:\Users\user\Desktop\git_challenge
PS C:\Users\user\Desktop\git_challenge> git commit -m "日本語訳を追記”
[main a45f08a] 日本語訳を追記
 1 file changed, 2 insertions(+)
PS C:\Users\user\Desktop\git_challenge> git log --oneline
a45f08a (HEAD -> main) 日本語訳を追記
87990cf hello_world.txtを追加
PS C:\Users\user\Desktop\git_challenge>
